00001000 0000003c ti_sysbios_knl_Task_Object__PARAMS__C
0000103c 00000034 ti_sysbios_knl_Mailbox_Object__PARAMS__C
00001070 00000030 ti_sysbios_family_arm_m3_Hwi_Object__PARAMS__C
000010a0 0000002c ti_sysbios_hal_Hwi_Object__PARAMS__C
000010cc 00000028 ti_sysbios_heaps_HeapMem_Module__FXNS__C
000010f4 00000028 ti_sysbios_knl_Swi_Object__PARAMS__C
0000111c 00000024 ti_sysbios_gates_GateHwi_Module__FXNS__C
00001140 00000024 ti_sysbios_gates_GateMutex_Module__FXNS__C
00001164 00000024 ti_sysbios_heaps_HeapMem_Object__PARAMS__C
00001188 00000024 ti_sysbios_knl_Clock_Object__PARAMS__C
000011ac 00000024 ti_sysbios_knl_Semaphore_Object__PARAMS__C
000011d0 00000020 ti_sysbios_family_arm_m3_Hwi_Object__DESC__C
000011f0 00000020 ti_sysbios_gates_GateHwi_Object__DESC__C
00001210 00000020 ti_sysbios_gates_GateMutex_Object__DESC__C
00001230 00000020 ti_sysbios_hal_Hwi_Object__DESC__C
00001250 00000020 ti_sysbios_heaps_HeapMem_Object__DESC__C
00001270 00000020 ti_sysbios_knl_Clock_Object__DESC__C
00001290 00000020 ti_sysbios_knl_Mailbox_Object__DESC__C
000012b0 00000020 ti_sysbios_knl_Queue_Object__DESC__C
000012d0 00000020 ti_sysbios_knl_Semaphore_Object__DESC__C
000012f0 00000020 ti_sysbios_knl_Swi_Object__DESC__C
00001310 00000020 ti_sysbios_knl_Task_Object__DESC__C
00001330 00000018 ti_sysbios_gates_GateHwi_Object__PARAMS__C
00001348 00000018 ti_sysbios_gates_GateMutex_Object__PARAMS__C
00001360 00000018 ti_sysbios_knl_Queue_Object__PARAMS__C
00001378 00000008 ti_sysbios_knl_Idle_funcList__C
00001384 00000004 ti_sysbios_family_arm_cc26xx_Timer_startupNeeded__C
00001388 00000004 ti_sysbios_family_arm_m3_Hwi_E_alreadyDefined__C
0000138c 00000004 ti_sysbios_family_arm_m3_Hwi_E_hwiLimitExceeded__C
00001390 00000004 ti_sysbios_family_arm_m3_Hwi_NUM_INTERRUPTS__C
00001394 00000004 ti_sysbios_family_arm_m3_Hwi_Object__count__C
00001398 00000004 ti_sysbios_family_arm_m3_Hwi_Object__table__C
0000139c 00000004 ti_sysbios_family_arm_m3_Hwi_ccr__C
000013a0 00000004 ti_sysbios_family_arm_m3_Hwi_excHandlerFunc__C
000013a4 00000004 ti_sysbios_family_arm_m3_Hwi_nullIsrFunc__C
000013a8 00000004 ti_sysbios_family_arm_m3_Hwi_numSparseInterrupts__C
000013ac 00000004 ti_sysbios_family_arm_m3_Hwi_priGroup__C
000013b0 00000004 ti_sysbios_family_arm_m3_TaskSupport_stackAlignment__C
000013b4 00000004 ti_sysbios_heaps_HeapMem_E_memory__C
000013b8 00000004 ti_sysbios_heaps_HeapMem_Module__gateObj__C
000013bc 00000004 ti_sysbios_heaps_HeapMem_Object__count__C
000013c0 00000004 ti_sysbios_heaps_HeapMem_Object__table__C
000013c4 00000004 ti_sysbios_heaps_HeapMem_reqAlign__C
000013c8 00000004 ti_sysbios_knl_Clock_serviceMargin__C
000013cc 00000004 ti_sysbios_knl_Mailbox_Object__count__C
000013d0 00000004 ti_sysbios_knl_Mailbox_Object__table__C
000013d4 00000004 ti_sysbios_knl_Mailbox_maxTypeAlign__C
000013d8 00000004 ti_sysbios_knl_Queue_Object__count__C
000013dc 00000004 ti_sysbios_knl_Queue_Object__table__C
000013e0 00000004 ti_sysbios_knl_Swi_Object__count__C
000013e4 00000004 ti_sysbios_knl_Swi_Object__table__C
000013e8 00000004 ti_sysbios_knl_Swi_numPriorities__C
000013ec 00000004 ti_sysbios_knl_Task_Object__count__C
000013f0 00000004 ti_sysbios_knl_Task_Object__table__C
000013f4 00000004 ti_sysbios_knl_Task_allBlockedFunc__C
000013f8 00000004 ti_sysbios_knl_Task_defaultStackHeap__C
000013fc 00000004 ti_sysbios_knl_Task_defaultStackSize__C
00001400 00000004 ti_sysbios_knl_Task_numConstructedTasks__C
00001406 00000002 ti_sysbios_family_arm_cc26xx_Timer_Module__id__C
00001408 00000002 ti_sysbios_family_arm_cc26xx_TimestampProvider_useClockTimer__C
0000140a 00000002 ti_sysbios_family_arm_m3_Hwi_Module__id__C
0000140c 00000002 ti_sysbios_gates_GateHwi_Module__id__C
0000140e 00000002 ti_sysbios_gates_GateMutex_Module__id__C
00001410 00000002 ti_sysbios_heaps_HeapMem_Module__id__C
00001412 00000002 ti_sysbios_knl_Task_initStackFlag__C
00001414 00000001 ti_sysbios_knl_Clock_tickMode__C
00001418 00000008 xdc_runtime_Startup_firstFxns__C
00001420 00000008 xdc_runtime_Startup_lastFxns__C
00001428 00000004 xdc_runtime_Assert_E_assertFailed__C
0000142c 00000004 xdc_runtime_Error_E_memory__C
00001430 00000004 xdc_runtime_Error_policyFxn__C
00001434 00000004 xdc_runtime_IGateProvider_Interface__BASE__C
00001438 00000004 xdc_runtime_IHeap_Interface__BASE__C
0000143c 00000004 xdc_runtime_IModule_Interface__BASE__C
00001440 00000004 xdc_runtime_Main_Module__diagsEnabled__C
00001444 00000004 xdc_runtime_Main_Module__diagsIncluded__C
00001448 00000004 xdc_runtime_Main_Module__diagsMask__C
0000144c 00000004 xdc_runtime_Memory_defaultHeapInstance__C
00001450 00000004 xdc_runtime_Startup_execImpl__C
00001454 00000004 xdc_runtime_Startup_maxPasses__C
00001458 00000004 xdc_runtime_Startup_sfxnRts__C
0000145c 00000004 xdc_runtime_Startup_sfxnTab__C
00001460 00000004 xdc_runtime_Startup_startModsFxn__C
00001464 00000004 xdc_runtime_SysCallback_abortFxn__C
00001468 00000004 xdc_runtime_SysCallback_exitFxn__C
0000146c 00000004 xdc_runtime_System_abortFxn__C
00001470 00000004 xdc_runtime_System_exitFxn__C
00001474 00000004 xdc_runtime_System_maxAtexitHandlers__C
00001478 00000004 xdc_runtime_Text_charTab__C
0000147c 00000004 xdc_runtime_Text_nameEmpty__C
00001480 00000004 xdc_runtime_Text_nameStatic__C
00001484 00000004 xdc_runtime_Text_nameUnknown__C
00001488 00000002 xdc_runtime_Main_Module__id__C
0000148a 00000002 xdc_runtime_Memory_Module__id__C
0000148c 00000002 xdc_runtime_Text_charCnt__C
0000148e 00000002 xdc_runtime_Text_isLoaded__C
00001490 00000001 xdc_runtime_Error_policy__C
00001494 00000004 ti_sysbios_rom_ROM_AONRTCChannelEnable
00001498 00000004 ti_sysbios_rom_ROM_AONRTCCompareValueSet
0000149c 00000004 ti_sysbios_rom_ROM_AONRTCCurrentCompareValueGet
000014a0 00000004 ti_sysbios_rom_ROM_AONRTCEventClear
000014a4 00000004 ti_sysbios_rom_ROM_ti_sysbios_family_arm_cc26xx_Timer_getCount64__E
000014a8 00000004 ti_sysbios_rom_ROM_ti_sysbios_family_arm_cc26xx_Timer_getCurrentTick__E
000014ac 00000004 ti_sysbios_rom_ROM_ti_sysbios_family_arm_cc26xx_Timer_getMaxTicks__E
000014b0 00000004 ti_sysbios_rom_ROM_ti_sysbios_family_arm_cc26xx_Timer_initDevice__I
000014b4 00000004 ti_sysbios_rom_ROM_ti_sysbios_family_arm_cc26xx_Timer_setNextTick__E
000014b8 00000004 ti_sysbios_rom_ROM_ti_sysbios_family_arm_cc26xx_Timer_setThreshold__I
000014bc 00000004 ti_sysbios_rom_ROM_ti_sysbios_family_arm_cc26xx_Timer_start__E
000014c0 00000004 ti_sysbios_rom_ROM_ti_sysbios_family_arm_cc26xx_TimestampProvider_get32__E
000014c4 00000004 ti_sysbios_rom_ROM_xdc_runtime_Startup_getState__I
000014c8 00000004 ti_sysbios_rom_ROM_xdc_runtime_System_SupportProxy_abort__E
000014cc 00000004 ti_sysbios_rom_ROM_xdc_runtime_System_SupportProxy_exit__E
000014d0 00000004 ti_sysbios_gates_GateMutex_Instance_State_sem__O
000014d4 00000004 ti_sysbios_knl_Clock_Module_State_clockQ__O
000014d8 00000004 ti_sysbios_knl_Mailbox_Instance_State_dataQue__O
000014dc 00000004 ti_sysbios_knl_Mailbox_Instance_State_dataSem__O
000014e0 00000004 ti_sysbios_knl_Mailbox_Instance_State_freeQue__O
000014e4 00000004 ti_sysbios_knl_Mailbox_Instance_State_freeSem__O
000014e8 00000004 ti_sysbios_knl_Semaphore_Instance_State_pendQ__O
000014ec 00000004 ti_sysbios_knl_Task_Module_State_inactiveQ__O
