sysbios_1  3f7200    1f09      
sysbios_2  3f910a    2         
