sysbios_1  3f7200    1ebd      
sysbios_2  3f90be    51        
sysbios_3  3f9110    2         
