20000100 00000044 ti_sysbios_knl_Task_Module__state__V
20000144 00000034 ti_sysbios_family_arm_m3_Hwi_Module__state__V
20000178 0000002c ti_sysbios_knl_Clock_Module__state__V
200001a4 00000024 ti_sysbios_BIOS_Module__state__V
200001c8 0000001c ti_sysbios_knl_Swi_Module__state__V
200001e4 00000008 ti_sysbios_family_arm_cc26xx_Timer_Module__state__V
200001ec 00000004 ti_sysbios_family_arm_cc26xx_TimestampProvider_Module__state__V
200001f0 00000008 xdc_runtime_Startup_Module__state__V
200001f8 00000008 xdc_runtime_System_Module__state__V
20000200 00000004 xdc_runtime_Memory_Module__state__V
